# ADJETIVOS PÁTRIOS
rS:*,*:estadunidense
rO:*,*:africano
rO:*,*:americano
rO:*,*:argentino
rO:*,*:brasileiro
rO:*,*:italiano
rO:*,*:norte-americano
rO:*,*:russo
rAES:*,*:alemão
rES:*,*:chinês
rES:*,*:francês
rES:*,*:inglês
rES:*,*:japonês
rES:*,*:português
l.GN:*,*:espanhol,espanhola,espanhóis,espanholas

rS:*,*:exuberante
rS:*,*:gratificante
rS:*,*:grave
rS:*,*:impressionante
rS:*,*:inconseqüente
rS:*,*:pedante
rS:*,*:podre
rO:*,*:bonito
rO:*,*:cáustico
rO:*,*:clássico
rO:*,*:colérico
rO:*,*:corriqueiro
rO:*,*:crítico
rO:*,*:democrático
rO:*,*:doido
rO:*,*:egocêntrico
rO:*,*:elucidativo
rO:*,*:épico
rO:*,*:explícito
rO:*,*:frívolo
rO:*,*:homérico
rO:*,*:ilusório
rO:*,*:intrínseco
rO:*,*:longínquo
rO:*,*:louco
rO:*,*:molhado
rO:*,*:obsoleto
rO:*,*:perturbado
rO:*,*:repulsivo
rO:*,*:rubro
rO:*,*:seco
rO:*,*:tenro
rO:*,*:teocrático
rO:*,*:úmido
rR:*,*:avassalador
rR:*,*:voador
rS:*,*:ambulante
rS:*,*:triste
rZ:*,*:sagaz
rZ:*,*:tenaz
rL:*,*:banal
rL:*,*:tribal
rL:*,*:pueril
rAOS:*,*:pagão
rNS:*,*:jovem
l.N:*,*:lastimável,lastimáveis
rO:*,*:corrupto
